23:09:45 **** Auto Build of configuration Debug for project lab12fft ****
make pre-build main-build 
a9-linaro-pre-build-step
' '
'Building file: ../src/helloworld.c'
'Invoking: ARM v7 gcc compiler'
arm-none-eabi-gcc -Wall -O0 -g3 -c -fmessage-length=0 -MT"src/helloworld.o" -mcpu=cortex-a9 -mfpu=vfpv3 -mfloat-abi=hard -I../../lab12fft_bsp/ps7_cortexa9_0/include -MMD -MP -MF"src/helloworld.d" -MT"src/helloworld.o" -o "src/helloworld.o" "../src/helloworld.c"
In file included from ../src/helloworld.c:52:
../../lab12fft_bsp/ps7_cortexa9_0/include/xtime_l.h:87:9: note: #pragma message: For the sleep routines, Global timer is being used
 #pragma message ("For the sleep routines, Global timer is being used")
         ^~~~~~~
../src/helloworld.c: In function 'FFT_sw':
../src/helloworld.c:109:3: warning: label 'subDFTSize' defined but not used [-Wunused-label]
   subDFTSize:for(i =j ; i < FFTSIZE; i += subDFTSize)
   ^~~~~~~~~~
../src/helloworld.c:101:5: warning: label 'butterfly' defined but not used [-Wunused-label]
     butterfly:for(j=0; j<BFWidth; j++)
     ^~~~~~~~~
../src/helloworld.c:93:3: warning: label 'stages' defined but not used [-Wunused-label]
   stages:for(stage=1; stage<= FFTSTAGES; stage++)
   ^~~~~~
'Finished building: ../src/helloworld.c'
' '
'Building file: ../src/platform.c'
'Invoking: ARM v7 gcc compiler'
arm-none-eabi-gcc -Wall -O0 -g3 -c -fmessage-length=0 -MT"src/platform.o" -mcpu=cortex-a9 -mfpu=vfpv3 -mfloat-abi=hard -I../../lab12fft_bsp/ps7_cortexa9_0/include -MMD -MP -MF"src/platform.d" -MT"src/platform.o" -o "src/platform.o" "../src/platform.c"
'Finished building: ../src/platform.c'
' '
'Building target: lab12fft.elf'
'Invoking: ARM v7 gcc linker'
arm-none-eabi-gcc -mcpu=cortex-a9 -mfpu=vfpv3 -mfloat-abi=hard -Wl,-build-id=none -specs=Xilinx.spec -Wl,-T -Wl,../src/lscript.ld -L../../lab12fft_bsp/ps7_cortexa9_0/lib -o "lab12fft.elf"  ./src/helloworld.o ./src/platform.o   -Wl,--start-group,-lxil,-lgcc,-lc,--end-group
'Finished building target: lab12fft.elf'
' '
'Invoking: ARM v7 Print Size'
arm-none-eabi-size lab12fft.elf  |tee "lab12fft.elf.size"
   text	   data	    bss	    dec	    hex	filename
  74932	   2648	10249840	10327420	 9d957c	lab12fft.elf
'Finished building: lab12fft.elf.size'
' '

23:09:46 Build Finished (took 1s.53ms)

